
> @provial/backend@1.0.0 build
> tsc

src/controllers/asignacionesController.ts(9,8): error TS1192: Module '"C:/Users/Morales/.gemini/antigravity/scratch/PROVIAL/backend/src/config/database"' has no default export.
src/controllers/asignacionesController.ts(10,1): error TS6133: 'registrarAuditoria' is declared but its value is never read.
src/controllers/asignacionesController.ts(10,36): error TS2307: Cannot find module '../utils/auditoria' or its corresponding type declarations.
src/controllers/asignacionesController.ts(16,23): error TS7030: Not all code paths return a value.
src/controllers/asignacionesController.ts(278,50): error TS6133: 'sede_id' is declared but its value is never read.
src/controllers/asignacionesController.ts(329,23): error TS7030: Not all code paths return a value.
src/controllers/asignacionesController.ts(356,23): error TS7030: Not all code paths return a value.
src/controllers/asignacionesController.ts(414,23): error TS7030: Not all code paths return a value.
src/controllers/salida.controller.ts(536,11): error TS6133: 'result' is declared but its value is never read.
src/controllers/solicitudesSalidaController.ts(9,8): error TS1192: Module '"C:/Users/Morales/.gemini/antigravity/scratch/PROVIAL/backend/src/config/database"' has no default export.
src/controllers/solicitudesSalidaController.ts(15,23): error TS7030: Not all code paths return a value.
src/controllers/solicitudesSalidaController.ts(163,13): error TS7006: Parameter 't' implicitly has an 'any' type.
src/controllers/solicitudesSalidaController.ts(190,23): error TS7030: Not all code paths return a value.
src/controllers/solicitudesSalidaController.ts(364,56): error TS2345: Argument of type 'string' is not assignable to parameter of type 'number'.
src/controllers/solicitudesSalidaController.ts(390,23): error TS7030: Not all code paths return a value.
src/controllers/solicitudesSalidaController.ts(434,52): error TS2345: Argument of type 'string' is not assignable to parameter of type 'number'.
src/controllers/solicitudesSalidaController.ts(609,23): error TS7030: Not all code paths return a value.
src/controllers/testModeController.ts(22,23): error TS7030: Not all code paths return a value.
src/controllers/testModeController.ts(103,23): error TS7030: Not all code paths return a value.
src/controllers/testModeController.ts(158,23): error TS7030: Not all code paths return a value.
src/controllers/testModeController.ts(212,23): error TS7030: Not all code paths return a value.
src/routes/testMode.routes.ts(23,22): error TS6133: 'req' is declared but its value is never read.
src/routes/testMode.routes.ts(28,23): error TS6133: 'req' is declared but its value is never read.
src/routes/testMode.routes.ts(37,36): error TS6133: 'res' is declared but its value is never read.
node.exe : npm error Lifecycle script `build` failed with error:
En línea: 1 Carácter: 1
+ & "C:\Program Files\nodejs/node.exe" "C:\Program Files\nodejs/node_mo ...
+ ~~~~~~~~~~~~~~~~~~~~~~~~~~~~~~~~~~~~~~~~~~~~~~~~~~~~~~~~~~~~~~~~~~~~~
    + CategoryInfo          : NotSpecified: (npm error Lifec...led with error::String) [], RemoteException
    + FullyQualifiedErrorId : NativeCommandError
 
npm error code 2
npm error path C:\Users\Morales\.gemini\antigravity\scratch\PROVIAL\backend
npm error workspace @provial/backend@1.0.0
npm error location C:\Users\Morales\.gemini\antigravity\scratch\PROVIAL\backend
npm error command failed
npm error command C:\WINDOWS\system32\cmd.exe /d /s /c tsc
