src/controllers/geografia.controller.ts(8,32): error TS6133: 'req' is declared but its value is never read.
src/controllers/geografia.controller.ts(50,40): error TS6133: 'req' is declared but its value is never read.
src/controllers/geografia.controller.ts(297,35): error TS6133: 'req' is declared but its value is never read.
src/controllers/grupo.controller.ts(8,42): error TS6133: 'req' is declared but its value is never read.
src/controllers/grupo.controller.ts(176,42): error TS6133: 'req' is declared but its value is never read.
src/controllers/movimiento.controller.ts(179,46): error TS6133: 'req' is declared but its value is never read.
src/controllers/situacion.controller.ts(70,9): error TS18048: 'req.user' is possibly 'undefined'.
src/utils/jwt.ts(19,5): error TS2322: Type 'string' is not assignable to type 'number | StringValue | undefined'.
src/utils/jwt.ts(28,5): error TS2322: Type 'string' is not assignable to type 'number | StringValue | undefined'.
